[2020-12-14T20:43:33.787-0600][gc,heap] Heap region size: 1M
[2020-12-14T20:43:33.795-0600][gc     ] Using G1
[2020-12-14T20:43:33.795-0600][gc,heap,coops] Heap address: 0x00000007c0000000, size: 1024 MB, Compressed Oops mode: Zero based, Oop shift amount: 3
[2020-12-14T20:43:33.796-0600][gc,cds       ] Mark closed archive regions in map: [0x00000007fff00000, 0x00000007fff76ff8]
[2020-12-14T20:43:33.796-0600][gc,cds       ] Mark open archive regions in map: [0x00000007ffe00000, 0x00000007ffe46ff8]
[2020-12-14T20:43:33.811-0600][gc           ] Periodic GC disabled
[2020-12-14T20:43:52.723-0600][gc,heap,exit ] Heap
[2020-12-14T20:43:52.724-0600][gc,heap,exit ]  garbage-first heap   total 1048576K, used 46840K [0x00000007c0000000, 0x0000000800000000)
[2020-12-14T20:43:52.724-0600][gc,heap,exit ]   region size 1024K, 47 young (48128K), 0 survivors (0K)
[2020-12-14T20:43:52.724-0600][gc,heap,exit ]  Metaspace       used 14229K, capacity 14625K, committed 14848K, reserved 1062912K
[2020-12-14T20:43:52.724-0600][gc,heap,exit ]   class space    used 1784K, capacity 1946K, committed 2048K, reserved 1048576K
