[2020-12-14T20:43:12.161-0600][gc,heap] Heap region size: 1M
[2020-12-14T20:43:12.169-0600][gc     ] Using G1
[2020-12-14T20:43:12.169-0600][gc,heap,coops] Heap address: 0x00000007c0000000, size: 1024 MB, Compressed Oops mode: Zero based, Oop shift amount: 3
[2020-12-14T20:43:12.169-0600][gc,cds       ] Mark closed archive regions in map: [0x00000007fff00000, 0x00000007fff76ff8]
[2020-12-14T20:43:12.169-0600][gc,cds       ] Mark open archive regions in map: [0x00000007ffe00000, 0x00000007ffe46ff8]
[2020-12-14T20:43:12.184-0600][gc           ] Periodic GC disabled
[2020-12-14T20:43:13.236-0600][gc,start     ] GC(0) Pause Young (Normal) (G1 Evacuation Pause)
[2020-12-14T20:43:13.236-0600][gc,task      ] GC(0) Using 8 workers of 8 for evacuation
[2020-12-14T20:43:13.244-0600][gc,phases    ] GC(0)   Pre Evacuate Collection Set: 0.0ms
[2020-12-14T20:43:13.244-0600][gc,phases    ] GC(0)   Evacuate Collection Set: 7.1ms
[2020-12-14T20:43:13.244-0600][gc,phases    ] GC(0)   Post Evacuate Collection Set: 0.3ms
[2020-12-14T20:43:13.244-0600][gc,phases    ] GC(0)   Other: 0.6ms
[2020-12-14T20:43:13.244-0600][gc,heap      ] GC(0) Eden regions: 51->0(44)
[2020-12-14T20:43:13.244-0600][gc,heap      ] GC(0) Survivor regions: 0->7(7)
[2020-12-14T20:43:13.244-0600][gc,heap      ] GC(0) Old regions: 0->0
[2020-12-14T20:43:13.244-0600][gc,heap      ] GC(0) Archive regions: 2->2
[2020-12-14T20:43:13.244-0600][gc,heap      ] GC(0) Humongous regions: 0->0
[2020-12-14T20:43:13.244-0600][gc,metaspace ] GC(0) Metaspace: 15550K->15550K(1062912K)
[2020-12-14T20:43:13.244-0600][gc           ] GC(0) Pause Young (Normal) (G1 Evacuation Pause) 51M->6M(1024M) 8.214ms
[2020-12-14T20:43:13.244-0600][gc,cpu       ] GC(0) User=0.02s Sys=0.01s Real=0.01s
[2020-12-14T20:43:15.443-0600][gc,heap,exit ] Heap
[2020-12-14T20:43:15.443-0600][gc,heap,exit ]  garbage-first heap   total 1048576K, used 24474K [0x00000007c0000000, 0x0000000800000000)
[2020-12-14T20:43:15.443-0600][gc,heap,exit ]   region size 1024K, 25 young (25600K), 7 survivors (7168K)
[2020-12-14T20:43:15.443-0600][gc,heap,exit ]  Metaspace       used 19847K, capacity 20361K, committed 20608K, reserved 1067008K
[2020-12-14T20:43:15.443-0600][gc,heap,exit ]   class space    used 2437K, capacity 2620K, committed 2688K, reserved 1048576K
