[2020-12-14T20:13:33.385-0600][gc,heap] Heap region size: 1M
[2020-12-14T20:13:33.394-0600][gc     ] Using G1
[2020-12-14T20:13:33.394-0600][gc,heap,coops] Heap address: 0x00000007c0000000, size: 1024 MB, Compressed Oops mode: Zero based, Oop shift amount: 3
[2020-12-14T20:13:33.394-0600][gc,cds       ] Mark closed archive regions in map: [0x00000007fff00000, 0x00000007fff76ff8]
[2020-12-14T20:13:33.395-0600][gc,cds       ] Mark open archive regions in map: [0x00000007ffe00000, 0x00000007ffe46ff8]
[2020-12-14T20:13:33.412-0600][gc           ] Periodic GC disabled
[2020-12-14T20:13:34.639-0600][gc,start     ] GC(0) Pause Young (Normal) (G1 Evacuation Pause)
[2020-12-14T20:13:34.639-0600][gc,task      ] GC(0) Using 8 workers of 8 for evacuation
[2020-12-14T20:13:34.650-0600][gc,phases    ] GC(0)   Pre Evacuate Collection Set: 0.0ms
[2020-12-14T20:13:34.650-0600][gc,phases    ] GC(0)   Evacuate Collection Set: 10.3ms
[2020-12-14T20:13:34.650-0600][gc,phases    ] GC(0)   Post Evacuate Collection Set: 0.5ms
[2020-12-14T20:13:34.650-0600][gc,phases    ] GC(0)   Other: 0.5ms
[2020-12-14T20:13:34.650-0600][gc,heap      ] GC(0) Eden regions: 51->0(44)
[2020-12-14T20:13:34.650-0600][gc,heap      ] GC(0) Survivor regions: 0->7(7)
[2020-12-14T20:13:34.650-0600][gc,heap      ] GC(0) Old regions: 0->0
[2020-12-14T20:13:34.650-0600][gc,heap      ] GC(0) Archive regions: 2->2
[2020-12-14T20:13:34.650-0600][gc,heap      ] GC(0) Humongous regions: 0->0
[2020-12-14T20:13:34.650-0600][gc,metaspace ] GC(0) Metaspace: 15705K->15705K(1062912K)
[2020-12-14T20:13:34.650-0600][gc           ] GC(0) Pause Young (Normal) (G1 Evacuation Pause) 51M->6M(1024M) 11.531ms
[2020-12-14T20:13:34.650-0600][gc,cpu       ] GC(0) User=0.03s Sys=0.01s Real=0.02s
[2020-12-14T20:13:35.090-0600][gc,start     ] GC(1) Pause Young (Concurrent Start) (Metadata GC Threshold)
[2020-12-14T20:13:35.094-0600][gc,task      ] GC(1) Using 8 workers of 8 for evacuation
[2020-12-14T20:13:35.103-0600][gc,phases    ] GC(1)   Pre Evacuate Collection Set: 0.1ms
[2020-12-14T20:13:35.104-0600][gc,phases    ] GC(1)   Evacuate Collection Set: 8.2ms
[2020-12-14T20:13:35.104-0600][gc,phases    ] GC(1)   Post Evacuate Collection Set: 0.4ms
[2020-12-14T20:13:35.104-0600][gc,phases    ] GC(1)   Other: 4.6ms
[2020-12-14T20:13:35.104-0600][gc,heap      ] GC(1) Eden regions: 21->0(49)
[2020-12-14T20:13:35.104-0600][gc,heap      ] GC(1) Survivor regions: 7->2(7)
[2020-12-14T20:13:35.104-0600][gc,heap      ] GC(1) Old regions: 0->7
[2020-12-14T20:13:35.104-0600][gc,heap      ] GC(1) Archive regions: 2->2
[2020-12-14T20:13:35.104-0600][gc,heap      ] GC(1) Humongous regions: 129->129
[2020-12-14T20:13:35.104-0600][gc,metaspace ] GC(1) Metaspace: 20576K->20576K(1067008K)
[2020-12-14T20:13:35.104-0600][gc           ] GC(1) Pause Young (Concurrent Start) (Metadata GC Threshold) 156M->137M(1024M) 13.466ms
[2020-12-14T20:13:35.104-0600][gc,cpu       ] GC(1) User=0.03s Sys=0.00s Real=0.01s
[2020-12-14T20:13:35.104-0600][gc           ] GC(2) Concurrent Cycle
[2020-12-14T20:13:35.104-0600][gc,marking   ] GC(2) Concurrent Clear Claimed Marks
[2020-12-14T20:13:35.104-0600][gc,marking   ] GC(2) Concurrent Clear Claimed Marks 0.035ms
[2020-12-14T20:13:35.104-0600][gc,marking   ] GC(2) Concurrent Scan Root Regions
[2020-12-14T20:13:35.106-0600][gc,marking   ] GC(2) Concurrent Scan Root Regions 2.605ms
[2020-12-14T20:13:35.106-0600][gc,marking   ] GC(2) Concurrent Mark (1.748s)
[2020-12-14T20:13:35.106-0600][gc,marking   ] GC(2) Concurrent Mark From Roots
[2020-12-14T20:13:35.106-0600][gc,task      ] GC(2) Using 2 workers of 2 for marking
[2020-12-14T20:13:35.108-0600][gc,marking   ] GC(2) Concurrent Mark From Roots 1.222ms
[2020-12-14T20:13:35.108-0600][gc,marking   ] GC(2) Concurrent Preclean
[2020-12-14T20:13:35.108-0600][gc,marking   ] GC(2) Concurrent Preclean 0.028ms
[2020-12-14T20:13:35.108-0600][gc,marking   ] GC(2) Concurrent Mark (1.748s, 1.750s) 1.306ms
[2020-12-14T20:13:35.108-0600][gc,start     ] GC(2) Pause Remark
[2020-12-14T20:13:35.109-0600][gc           ] GC(2) Pause Remark 138M->138M(1024M) 0.845ms
[2020-12-14T20:13:35.109-0600][gc,cpu       ] GC(2) User=0.00s Sys=0.00s Real=0.00s
[2020-12-14T20:13:35.109-0600][gc,marking   ] GC(2) Concurrent Rebuild Remembered Sets
[2020-12-14T20:13:35.111-0600][gc,marking   ] GC(2) Concurrent Rebuild Remembered Sets 2.195ms
[2020-12-14T20:13:35.112-0600][gc,start     ] GC(2) Pause Cleanup
[2020-12-14T20:13:35.112-0600][gc           ] GC(2) Pause Cleanup 138M->138M(1024M) 0.128ms
[2020-12-14T20:13:35.112-0600][gc,cpu       ] GC(2) User=0.00s Sys=0.00s Real=0.00s
[2020-12-14T20:13:35.112-0600][gc,marking   ] GC(2) Concurrent Cleanup for Next Mark
[2020-12-14T20:13:35.118-0600][gc,marking   ] GC(2) Concurrent Cleanup for Next Mark 6.198ms
[2020-12-14T20:13:35.118-0600][gc           ] GC(2) Concurrent Cycle 14.670ms
[2020-12-14T20:13:36.140-0600][gc,start     ] GC(3) Pause Young (Normal) (G1 Evacuation Pause)
[2020-12-14T20:13:36.140-0600][gc,task      ] GC(3) Using 8 workers of 8 for evacuation
[2020-12-14T20:13:36.143-0600][gc,phases    ] GC(3)   Pre Evacuate Collection Set: 0.0ms
[2020-12-14T20:13:36.143-0600][gc,phases    ] GC(3)   Evacuate Collection Set: 2.7ms
[2020-12-14T20:13:36.143-0600][gc,phases    ] GC(3)   Post Evacuate Collection Set: 0.3ms
[2020-12-14T20:13:36.143-0600][gc,phases    ] GC(3)   Other: 0.2ms
[2020-12-14T20:13:36.143-0600][gc,heap      ] GC(3) Eden regions: 49->0(46)
[2020-12-14T20:13:36.143-0600][gc,heap      ] GC(3) Survivor regions: 2->5(7)
[2020-12-14T20:13:36.143-0600][gc,heap      ] GC(3) Old regions: 7->7
[2020-12-14T20:13:36.143-0600][gc,heap      ] GC(3) Archive regions: 2->2
[2020-12-14T20:13:36.143-0600][gc,heap      ] GC(3) Humongous regions: 129->129
[2020-12-14T20:13:36.143-0600][gc,metaspace ] GC(3) Metaspace: 30219K->30219K(1077248K)
[2020-12-14T20:13:36.143-0600][gc           ] GC(3) Pause Young (Normal) (G1 Evacuation Pause) 186M->140M(1024M) 3.281ms
[2020-12-14T20:13:36.143-0600][gc,cpu       ] GC(3) User=0.02s Sys=0.00s Real=0.00s
[2020-12-14T20:19:23.923-0600][gc,start     ] GC(4) Pause Young (Concurrent Start) (Metadata GC Threshold)
[2020-12-14T20:19:23.923-0600][gc,task      ] GC(4) Using 8 workers of 8 for evacuation
[2020-12-14T20:19:23.961-0600][gc,mmu       ] GC(4) MMU target violated: 21.0ms (20.0ms/21.0ms)
[2020-12-14T20:19:23.961-0600][gc,phases    ] GC(4)   Pre Evacuate Collection Set: 0.4ms
[2020-12-14T20:19:23.961-0600][gc,phases    ] GC(4)   Evacuate Collection Set: 35.5ms
[2020-12-14T20:19:23.961-0600][gc,phases    ] GC(4)   Post Evacuate Collection Set: 0.5ms
[2020-12-14T20:19:23.961-0600][gc,phases    ] GC(4)   Other: 2.3ms
[2020-12-14T20:19:23.961-0600][gc,heap      ] GC(4) Eden regions: 21->0(46)
[2020-12-14T20:19:23.961-0600][gc,heap      ] GC(4) Survivor regions: 5->5(7)
[2020-12-14T20:19:23.961-0600][gc,heap      ] GC(4) Old regions: 7->8
[2020-12-14T20:19:23.961-0600][gc,heap      ] GC(4) Archive regions: 2->2
[2020-12-14T20:19:23.961-0600][gc,heap      ] GC(4) Humongous regions: 129->129
[2020-12-14T20:19:23.961-0600][gc,metaspace ] GC(4) Metaspace: 34500K->34500K(1081344K)
[2020-12-14T20:19:23.961-0600][gc           ] GC(4) Pause Young (Concurrent Start) (Metadata GC Threshold) 161M->141M(1024M) 38.706ms
[2020-12-14T20:19:23.961-0600][gc,cpu       ] GC(4) User=0.05s Sys=0.06s Real=0.04s
[2020-12-14T20:19:23.962-0600][gc           ] GC(5) Concurrent Cycle
[2020-12-14T20:19:23.962-0600][gc,marking   ] GC(5) Concurrent Clear Claimed Marks
[2020-12-14T20:19:23.962-0600][gc,marking   ] GC(5) Concurrent Clear Claimed Marks 0.101ms
[2020-12-14T20:19:23.962-0600][gc,marking   ] GC(5) Concurrent Scan Root Regions
[2020-12-14T20:19:23.965-0600][gc,marking   ] GC(5) Concurrent Scan Root Regions 3.074ms
[2020-12-14T20:19:23.965-0600][gc,marking   ] GC(5) Concurrent Mark (350.599s)
[2020-12-14T20:19:23.965-0600][gc,marking   ] GC(5) Concurrent Mark From Roots
[2020-12-14T20:19:23.965-0600][gc,task      ] GC(5) Using 2 workers of 2 for marking
[2020-12-14T20:19:23.972-0600][gc,marking   ] GC(5) Concurrent Mark From Roots 7.515ms
[2020-12-14T20:19:23.972-0600][gc,marking   ] GC(5) Concurrent Preclean
[2020-12-14T20:19:23.972-0600][gc,marking   ] GC(5) Concurrent Preclean 0.058ms
[2020-12-14T20:19:23.972-0600][gc,marking   ] GC(5) Concurrent Mark (350.599s, 350.607s) 7.652ms
[2020-12-14T20:19:23.973-0600][gc,start     ] GC(5) Pause Remark
[2020-12-14T20:19:23.974-0600][gc           ] GC(5) Pause Remark 142M->142M(1024M) 1.093ms
[2020-12-14T20:19:23.974-0600][gc,cpu       ] GC(5) User=0.00s Sys=0.00s Real=0.00s
[2020-12-14T20:19:23.974-0600][gc,marking   ] GC(5) Concurrent Rebuild Remembered Sets
[2020-12-14T20:19:23.977-0600][gc,marking   ] GC(5) Concurrent Rebuild Remembered Sets 3.150ms
[2020-12-14T20:19:23.978-0600][gc,start     ] GC(5) Pause Cleanup
[2020-12-14T20:19:23.978-0600][gc           ] GC(5) Pause Cleanup 142M->142M(1024M) 0.154ms
[2020-12-14T20:19:23.978-0600][gc,cpu       ] GC(5) User=0.00s Sys=0.00s Real=0.00s
[2020-12-14T20:19:23.978-0600][gc,marking   ] GC(5) Concurrent Cleanup for Next Mark
[2020-12-14T20:19:23.983-0600][gc,marking   ] GC(5) Concurrent Cleanup for Next Mark 5.737ms
[2020-12-14T20:19:23.984-0600][gc           ] GC(5) Concurrent Cycle 22.014ms
[2020-12-14T21:30:27.040-0600][gc,start     ] GC(6) Pause Young (Normal) (G1 Evacuation Pause)
[2020-12-14T21:30:27.041-0600][gc,task      ] GC(6) Using 8 workers of 8 for evacuation
[2020-12-14T21:30:27.075-0600][gc,mmu       ] GC(6) MMU target violated: 21.0ms (20.0ms/21.0ms)
[2020-12-14T21:30:27.075-0600][gc,phases    ] GC(6)   Pre Evacuate Collection Set: 0.1ms
[2020-12-14T21:30:27.075-0600][gc,phases    ] GC(6)   Evacuate Collection Set: 28.8ms
[2020-12-14T21:30:27.075-0600][gc,phases    ] GC(6)   Post Evacuate Collection Set: 2.0ms
[2020-12-14T21:30:27.075-0600][gc,phases    ] GC(6)   Other: 3.8ms
[2020-12-14T21:30:27.075-0600][gc,heap      ] GC(6) Eden regions: 46->0(49)
[2020-12-14T21:30:27.075-0600][gc,heap      ] GC(6) Survivor regions: 5->2(7)
[2020-12-14T21:30:27.075-0600][gc,heap      ] GC(6) Old regions: 8->11
[2020-12-14T21:30:27.075-0600][gc,heap      ] GC(6) Archive regions: 2->2
[2020-12-14T21:30:27.075-0600][gc,heap      ] GC(6) Humongous regions: 129->129
[2020-12-14T21:30:27.075-0600][gc,metaspace ] GC(6) Metaspace: 36416K->36416K(1083392K)
[2020-12-14T21:30:27.075-0600][gc           ] GC(6) Pause Young (Normal) (G1 Evacuation Pause) 187M->141M(1024M) 34.735ms
[2020-12-14T21:30:27.075-0600][gc,cpu       ] GC(6) User=0.03s Sys=0.06s Real=0.03s
[2020-12-14T22:11:19.111-0600][gc,start     ] GC(7) Pause Young (Normal) (G1 Evacuation Pause)
[2020-12-14T22:11:19.113-0600][gc,task      ] GC(7) Using 8 workers of 8 for evacuation
[2020-12-14T22:11:19.250-0600][gc,mmu       ] GC(7) MMU target violated: 21.0ms (20.0ms/21.0ms)
[2020-12-14T22:11:19.250-0600][gc,phases    ] GC(7)   Pre Evacuate Collection Set: 0.1ms
[2020-12-14T22:11:19.251-0600][gc,phases    ] GC(7)   Evacuate Collection Set: 112.2ms
[2020-12-14T22:11:19.251-0600][gc,phases    ] GC(7)   Post Evacuate Collection Set: 11.0ms
[2020-12-14T22:11:19.251-0600][gc,phases    ] GC(7)   Other: 17.0ms
[2020-12-14T22:11:19.251-0600][gc,heap      ] GC(7) Eden regions: 49->0(49)
[2020-12-14T22:11:19.251-0600][gc,heap      ] GC(7) Survivor regions: 2->2(7)
[2020-12-14T22:11:19.251-0600][gc,heap      ] GC(7) Old regions: 11->11
[2020-12-14T22:11:19.251-0600][gc,heap      ] GC(7) Archive regions: 2->2
[2020-12-14T22:11:19.251-0600][gc,heap      ] GC(7) Humongous regions: 129->129
[2020-12-14T22:11:19.251-0600][gc,metaspace ] GC(7) Metaspace: 36831K->36831K(1083392K)
[2020-12-14T22:11:19.251-0600][gc           ] GC(7) Pause Young (Normal) (G1 Evacuation Pause) 190M->141M(1024M) 140.016ms
[2020-12-14T22:11:19.252-0600][gc,cpu       ] GC(7) User=0.04s Sys=0.10s Real=0.14s
[2020-12-14T22:53:54.216-0600][gc,start     ] GC(8) Pause Young (Normal) (G1 Evacuation Pause)
[2020-12-14T22:53:54.218-0600][gc,task      ] GC(8) Using 8 workers of 8 for evacuation
[2020-12-14T22:53:54.451-0600][gc,mmu       ] GC(8) MMU target violated: 21.0ms (20.0ms/21.0ms)
[2020-12-14T22:53:54.451-0600][gc,phases    ] GC(8)   Pre Evacuate Collection Set: 0.1ms
[2020-12-14T22:53:54.451-0600][gc,phases    ] GC(8)   Evacuate Collection Set: 154.9ms
[2020-12-14T22:53:54.451-0600][gc,phases    ] GC(8)   Post Evacuate Collection Set: 6.2ms
[2020-12-14T22:53:54.451-0600][gc,phases    ] GC(8)   Other: 79.9ms
[2020-12-14T22:53:54.451-0600][gc,heap      ] GC(8) Eden regions: 49->0(49)
[2020-12-14T22:53:54.451-0600][gc,heap      ] GC(8) Survivor regions: 2->2(7)
[2020-12-14T22:53:54.452-0600][gc,heap      ] GC(8) Old regions: 11->11
[2020-12-14T22:53:54.452-0600][gc,heap      ] GC(8) Archive regions: 2->2
[2020-12-14T22:53:54.452-0600][gc,heap      ] GC(8) Humongous regions: 129->129
[2020-12-14T22:53:54.452-0600][gc,metaspace ] GC(8) Metaspace: 36902K->36902K(1083392K)
[2020-12-14T22:53:54.454-0600][gc           ] GC(8) Pause Young (Normal) (G1 Evacuation Pause) 190M->141M(1024M) 237.943ms
[2020-12-14T22:53:54.454-0600][gc,cpu       ] GC(8) User=0.04s Sys=0.07s Real=0.24s
[2020-12-14T23:36:44.263-0600][gc,start     ] GC(9) Pause Young (Normal) (G1 Evacuation Pause)
[2020-12-14T23:36:44.264-0600][gc,task      ] GC(9) Using 8 workers of 8 for evacuation
[2020-12-14T23:36:44.340-0600][gc,mmu       ] GC(9) MMU target violated: 21.0ms (20.0ms/21.0ms)
[2020-12-14T23:36:44.340-0600][gc,phases    ] GC(9)   Pre Evacuate Collection Set: 0.1ms
[2020-12-14T23:36:44.340-0600][gc,phases    ] GC(9)   Evacuate Collection Set: 61.6ms
[2020-12-14T23:36:44.340-0600][gc,phases    ] GC(9)   Post Evacuate Collection Set: 5.2ms
[2020-12-14T23:36:44.340-0600][gc,phases    ] GC(9)   Other: 10.1ms
[2020-12-14T23:36:44.340-0600][gc,heap      ] GC(9) Eden regions: 49->0(49)
[2020-12-14T23:36:44.340-0600][gc,heap      ] GC(9) Survivor regions: 2->2(7)
[2020-12-14T23:36:44.340-0600][gc,heap      ] GC(9) Old regions: 11->11
[2020-12-14T23:36:44.340-0600][gc,heap      ] GC(9) Archive regions: 2->2
[2020-12-14T23:36:44.341-0600][gc,heap      ] GC(9) Humongous regions: 129->129
[2020-12-14T23:36:44.341-0600][gc,metaspace ] GC(9) Metaspace: 36953K->36953K(1083392K)
[2020-12-14T23:36:44.341-0600][gc           ] GC(9) Pause Young (Normal) (G1 Evacuation Pause) 190M->141M(1024M) 77.154ms
[2020-12-14T23:36:44.341-0600][gc,cpu       ] GC(9) User=0.03s Sys=0.08s Real=0.08s
[2020-12-15T00:19:59.330-0600][gc,start     ] GC(10) Pause Young (Normal) (G1 Evacuation Pause)
[2020-12-15T00:19:59.333-0600][gc,task      ] GC(10) Using 8 workers of 8 for evacuation
[2020-12-15T00:19:59.462-0600][gc,mmu       ] GC(10) MMU target violated: 21.0ms (20.0ms/21.0ms)
[2020-12-15T00:19:59.462-0600][gc,phases    ] GC(10)   Pre Evacuate Collection Set: 0.1ms
[2020-12-15T00:19:59.462-0600][gc,phases    ] GC(10)   Evacuate Collection Set: 106.3ms
[2020-12-15T00:19:59.462-0600][gc,phases    ] GC(10)   Post Evacuate Collection Set: 5.3ms
[2020-12-15T00:19:59.462-0600][gc,phases    ] GC(10)   Other: 21.3ms
[2020-12-15T00:19:59.462-0600][gc,heap      ] GC(10) Eden regions: 49->0(49)
[2020-12-15T00:19:59.462-0600][gc,heap      ] GC(10) Survivor regions: 2->2(7)
[2020-12-15T00:19:59.462-0600][gc,heap      ] GC(10) Old regions: 11->11
[2020-12-15T00:19:59.462-0600][gc,heap      ] GC(10) Archive regions: 2->2
[2020-12-15T00:19:59.462-0600][gc,heap      ] GC(10) Humongous regions: 129->129
[2020-12-15T00:19:59.462-0600][gc,metaspace ] GC(10) Metaspace: 37009K->37009K(1083392K)
[2020-12-15T00:19:59.462-0600][gc           ] GC(10) Pause Young (Normal) (G1 Evacuation Pause) 190M->141M(1024M) 132.341ms
[2020-12-15T00:19:59.462-0600][gc,cpu       ] GC(10) User=0.05s Sys=0.09s Real=0.13s
[2020-12-15T01:04:57.313-0600][gc,start     ] GC(11) Pause Young (Normal) (G1 Evacuation Pause)
[2020-12-15T01:04:57.318-0600][gc,task      ] GC(11) Using 8 workers of 8 for evacuation
[2020-12-15T01:04:57.355-0600][gc,mmu       ] GC(11) MMU target violated: 21.0ms (20.0ms/21.0ms)
[2020-12-15T01:04:57.356-0600][gc,phases    ] GC(11)   Pre Evacuate Collection Set: 0.2ms
[2020-12-15T01:04:57.357-0600][gc,phases    ] GC(11)   Evacuate Collection Set: 22.4ms
[2020-12-15T01:04:57.357-0600][gc,phases    ] GC(11)   Post Evacuate Collection Set: 3.5ms
[2020-12-15T01:04:57.357-0600][gc,phases    ] GC(11)   Other: 16.0ms
[2020-12-15T01:04:57.358-0600][gc,heap      ] GC(11) Eden regions: 49->0(49)
[2020-12-15T01:04:57.358-0600][gc,heap      ] GC(11) Survivor regions: 2->2(7)
[2020-12-15T01:04:57.358-0600][gc,heap      ] GC(11) Old regions: 11->11
[2020-12-15T01:04:57.358-0600][gc,heap      ] GC(11) Archive regions: 2->2
[2020-12-15T01:04:57.358-0600][gc,heap      ] GC(11) Humongous regions: 129->129
[2020-12-15T01:04:57.358-0600][gc,metaspace ] GC(11) Metaspace: 37048K->37048K(1083392K)
[2020-12-15T01:04:57.358-0600][gc           ] GC(11) Pause Young (Normal) (G1 Evacuation Pause) 190M->141M(1024M) 44.948ms
[2020-12-15T01:04:57.358-0600][gc,cpu       ] GC(11) User=0.03s Sys=0.08s Real=0.04s
[2020-12-15T01:53:37.793-0600][gc,start     ] GC(12) Pause Young (Normal) (G1 Evacuation Pause)
[2020-12-15T01:53:37.794-0600][gc,task      ] GC(12) Using 8 workers of 8 for evacuation
[2020-12-15T01:53:37.804-0600][gc,phases    ] GC(12)   Pre Evacuate Collection Set: 0.1ms
[2020-12-15T01:53:37.804-0600][gc,phases    ] GC(12)   Evacuate Collection Set: 7.3ms
[2020-12-15T01:53:37.804-0600][gc,phases    ] GC(12)   Post Evacuate Collection Set: 0.8ms
[2020-12-15T01:53:37.804-0600][gc,phases    ] GC(12)   Other: 2.3ms
[2020-12-15T01:53:37.804-0600][gc,heap      ] GC(12) Eden regions: 49->0(49)
[2020-12-15T01:53:37.804-0600][gc,heap      ] GC(12) Survivor regions: 2->2(7)
[2020-12-15T01:53:37.804-0600][gc,heap      ] GC(12) Old regions: 11->11
[2020-12-15T01:53:37.804-0600][gc,heap      ] GC(12) Archive regions: 2->2
[2020-12-15T01:53:37.804-0600][gc,heap      ] GC(12) Humongous regions: 129->129
[2020-12-15T01:53:37.804-0600][gc,metaspace ] GC(12) Metaspace: 37072K->37072K(1083392K)
[2020-12-15T01:53:37.804-0600][gc           ] GC(12) Pause Young (Normal) (G1 Evacuation Pause) 190M->141M(1024M) 10.578ms
[2020-12-15T01:53:37.804-0600][gc,cpu       ] GC(12) User=0.01s Sys=0.03s Real=0.01s
