[2020-12-14T20:43:20.799-0600][gc,heap] Heap region size: 1M
[2020-12-14T20:43:20.803-0600][gc     ] Using G1
[2020-12-14T20:43:20.803-0600][gc,heap,coops] Heap address: 0x00000007e0000000, size: 512 MB, Compressed Oops mode: Zero based, Oop shift amount: 3
[2020-12-14T20:43:20.803-0600][gc,cds       ] Mark closed archive regions in map: [0x00000007fff00000, 0x00000007fff76ff8]
[2020-12-14T20:43:20.803-0600][gc,cds       ] Mark open archive regions in map: [0x00000007ffe00000, 0x00000007ffe46ff8]
[2020-12-14T20:43:20.818-0600][gc           ] Periodic GC disabled
[2020-12-14T20:43:21.446-0600][gc,heap,exit ] Heap
[2020-12-14T20:43:21.446-0600][gc,heap,exit ]  garbage-first heap   total 524288K, used 17144K [0x00000007e0000000, 0x0000000800000000)
[2020-12-14T20:43:21.446-0600][gc,heap,exit ]   region size 1024K, 18 young (18432K), 0 survivors (0K)
[2020-12-14T20:43:21.446-0600][gc,heap,exit ]  Metaspace       used 6450K, capacity 6717K, committed 7040K, reserved 1056768K
[2020-12-14T20:43:21.446-0600][gc,heap,exit ]   class space    used 746K, capacity 838K, committed 896K, reserved 1048576K
