[2020-12-14T20:12:35.544-0600][gc,heap] Heap region size: 1M
[2020-12-14T20:12:35.548-0600][gc     ] Using G1
[2020-12-14T20:12:35.548-0600][gc,heap,coops] Heap address: 0x00000007e0000000, size: 512 MB, Compressed Oops mode: Zero based, Oop shift amount: 3
[2020-12-14T20:12:35.549-0600][gc,cds       ] Mark closed archive regions in map: [0x00000007fff00000, 0x00000007fff76ff8]
[2020-12-14T20:12:35.549-0600][gc,cds       ] Mark open archive regions in map: [0x00000007ffe00000, 0x00000007ffe46ff8]
[2020-12-14T20:12:35.564-0600][gc           ] Periodic GC disabled
[2020-12-14T20:13:34.397-0600][gc,start     ] GC(0) Pause Young (Normal) (G1 Evacuation Pause)
[2020-12-14T20:13:34.397-0600][gc,task      ] GC(0) Using 8 workers of 8 for evacuation
[2020-12-14T20:13:34.430-0600][gc,mmu       ] GC(0) MMU target violated: 21.0ms (20.0ms/21.0ms)
[2020-12-14T20:13:34.430-0600][gc,phases    ] GC(0)   Pre Evacuate Collection Set: 0.0ms
[2020-12-14T20:13:34.430-0600][gc,phases    ] GC(0)   Evacuate Collection Set: 31.1ms
[2020-12-14T20:13:34.430-0600][gc,phases    ] GC(0)   Post Evacuate Collection Set: 0.4ms
[2020-12-14T20:13:34.430-0600][gc,phases    ] GC(0)   Other: 1.9ms
[2020-12-14T20:13:34.430-0600][gc,heap      ] GC(0) Eden regions: 25->0(21)
[2020-12-14T20:13:34.430-0600][gc,heap      ] GC(0) Survivor regions: 0->4(4)
[2020-12-14T20:13:34.430-0600][gc,heap      ] GC(0) Old regions: 0->1
[2020-12-14T20:13:34.430-0600][gc,heap      ] GC(0) Archive regions: 2->2
[2020-12-14T20:13:34.430-0600][gc,heap      ] GC(0) Humongous regions: 0->0
[2020-12-14T20:13:34.430-0600][gc,metaspace ] GC(0) Metaspace: 7322K->7322K(1056768K)
[2020-12-14T20:13:34.430-0600][gc           ] GC(0) Pause Young (Normal) (G1 Evacuation Pause) 25M->5M(512M) 33.425ms
[2020-12-14T20:13:34.430-0600][gc,cpu       ] GC(0) User=0.03s Sys=0.08s Real=0.04s
[2020-12-14T21:30:27.778-0600][gc,heap,exit ] Heap
[2020-12-14T21:30:27.779-0600][gc,heap,exit ]  garbage-first heap   total 524288K, used 10991K [0x00000007e0000000, 0x0000000800000000)
[2020-12-14T21:30:27.779-0600][gc,heap,exit ]   region size 1024K, 10 young (10240K), 4 survivors (4096K)
[2020-12-14T21:30:27.779-0600][gc,heap,exit ]  Metaspace       used 7797K, capacity 8037K, committed 8192K, reserved 1056768K
[2020-12-14T21:30:27.779-0600][gc,heap,exit ]   class space    used 858K, capacity 937K, committed 1024K, reserved 1048576K
